2026-01-22 23:05:54,257 - INFO - ***** Starting test_add_single_item_to_cart *****
2026-01-22 23:05:58,548 - INFO - Navigated to BASE_URL
2026-01-22 23:06:00,358 - INFO - Logged in with valid credentials
2026-01-22 23:06:00,977 - INFO - Added first item to cart
2026-01-22 23:06:01,005 - INFO - Cart count is correct
2026-01-22 23:06:03,449 - INFO - ***** Starting test_multiple_item_to_cart *****
2026-01-22 23:06:10,426 - INFO - Navigated to BASE_URL
2026-01-22 23:06:12,238 - INFO - Logged in with valid credentials
2026-01-22 23:06:14,019 - INFO - Added items to cart
2026-01-22 23:06:14,045 - INFO - Cart count is correct
2026-01-22 23:06:17,353 - INFO - ***** Starting test_remove_item_from_cart *****
2026-01-22 23:06:21,770 - INFO - Navigated to BASE_URL
2026-01-22 23:06:23,618 - INFO - Logged in with valid credentials
2026-01-22 23:06:24,821 - INFO - Added items to cart
2026-01-22 23:06:24,877 - INFO - Cart count is correct
2026-01-22 23:06:25,498 - INFO - Removed first item from cart
2026-01-22 23:06:25,521 - INFO - Cart count after removal is correct
2026-01-22 23:06:27,854 - INFO - ***** Starting test_complete_checkout_flow *****
2026-01-22 23:06:31,793 - INFO - Navigated to BASE_URL
2026-01-22 23:06:33,587 - INFO - Logged in with valid credentials
2026-01-22 23:06:34,223 - INFO - Added first item to cart
2026-01-22 23:06:34,800 - INFO - Opened cart
2026-01-22 23:06:35,389 - INFO - Started checkout
2026-01-22 23:06:37,226 - INFO - Entered user info
2026-01-22 23:06:37,831 - INFO - Continued checkout
2026-01-22 23:06:38,413 - INFO - Finished checkout
2026-01-22 23:06:38,454 - INFO - Order completed successfully
2026-01-22 23:06:40,864 - INFO - ***** Starting test_cancel_checkout *****
2026-01-22 23:06:45,290 - INFO - Navigated to BASE_URL
2026-01-22 23:06:47,023 - INFO - Logged in with valid credentials
2026-01-22 23:06:47,664 - INFO - Added first item to cart
2026-01-22 23:06:48,246 - INFO - Opened cart
2026-01-22 23:06:48,889 - INFO - Started checkout
2026-01-22 23:06:50,734 - INFO - Entered user info
2026-01-22 23:06:51,345 - INFO - Cancelled checkout
2026-01-22 23:06:51,346 - INFO - Returned to cart page successfully
2026-01-22 23:07:03,810 - INFO - Navigated to BASE_URL
2026-01-22 23:07:05,638 - INFO - Logged in with valid credentials
2026-01-22 23:07:06,231 - INFO - Added first item to cart
2026-01-22 23:07:06,835 - INFO - Opened cart
2026-01-22 23:07:07,424 - INFO - Started checkout
2026-01-22 23:07:09,111 - INFO - Entered user info
2026-01-22 23:07:09,777 - INFO - Continued checkout
2026-01-22 23:07:10,335 - INFO - Finished checkout
2026-01-22 23:07:10,367 - INFO - Order completed successfully
2026-01-22 23:07:13,486 - INFO - ***** Starting test_checkout_with_invalid_zip_letter *****
2026-01-22 23:07:22,418 - INFO - ***** Navigated to BASE_URL *****
2026-01-22 23:07:24,283 - INFO - ***** Logged in with valid credentials *****
2026-01-22 23:07:24,873 - INFO - ***** Added first item to cart *****
2026-01-22 23:07:25,483 - INFO - ***** Opened cart *****
2026-01-22 23:07:25,559 - INFO - ***** Verified item in cart *****
2026-01-22 23:07:26,112 - INFO - ***** Started checkout *****
2026-01-22 23:07:27,843 - INFO - ***** Entered user info with invalid postal code *****
2026-01-22 23:07:28,465 - INFO - ***** Continued checkout *****
2026-01-22 23:07:31,895 - INFO - ***** Starting test_checkout_with_short_zip *****
2026-01-22 23:07:36,866 - INFO - ***** Navigated to BASE_URL *****
2026-01-22 23:07:38,654 - INFO - ***** Logged in with valid credentials *****
2026-01-22 23:07:39,265 - INFO - ***** Added first item to cart *****
2026-01-22 23:07:39,868 - INFO - ***** Opened cart *****
2026-01-22 23:07:39,975 - INFO - ***** Verified item in cart *****
2026-01-22 23:07:40,537 - INFO - ***** Started checkout *****
2026-01-22 23:07:42,356 - INFO - ***** Entered user info with short postal code *****
2026-01-22 23:07:42,959 - INFO - ***** Continued checkout *****
2026-01-22 23:07:45,458 - INFO - ***** Starting test_checkout_with_single_char_firstname *****
2026-01-22 23:07:50,164 - INFO - ***** Navigated to BASE_URL *****
2026-01-22 23:07:51,963 - INFO - ***** Logged in with valid credentials *****
2026-01-22 23:07:52,514 - INFO - ***** Added first item to cart *****
2026-01-22 23:07:53,096 - INFO - ***** Opened cart *****
2026-01-22 23:07:53,159 - INFO - ***** Verified item in cart *****
2026-01-22 23:07:53,718 - INFO - ***** Started checkout *****
2026-01-22 23:07:55,399 - INFO - ***** Entered user info with single character first name *****
2026-01-22 23:07:56,019 - INFO - ***** Continued checkout *****
2026-01-22 23:07:56,021 - INFO - ***** Successfully proceeded to overview page with single character first name *****
2026-01-22 23:07:58,450 - INFO - ***** Starting test_checkout_with_invalid_data_error_message *****
2026-01-22 23:08:12,241 - INFO - ***** Navigated to BASE_URL *****
2026-01-22 23:08:14,033 - INFO - ***** Logged in with valid credentials *****
2026-01-22 23:08:14,620 - INFO - ***** Added first item to cart *****
2026-01-22 23:08:15,203 - INFO - ***** Opened cart *****
2026-01-22 23:08:15,759 - INFO - ***** Started checkout *****
2026-01-22 23:08:17,518 - INFO - ***** Entered user info *****
2026-01-22 23:08:18,271 - INFO - ***** Continued checkout *****
2026-01-22 23:08:18,310 - INFO - ***** Verified error message *****
2026-01-22 23:08:18,311 - INFO - ***** test_checkout_with_invalid_data_error_message completed *****
2026-01-22 23:08:25,640 - INFO - Navigated to BASE_URL
2026-01-22 23:08:27,668 - INFO - Logged in with valid credentials
2026-01-22 23:08:28,245 - INFO - Added first item to cart
2026-01-22 23:08:28,819 - INFO - Opened cart
2026-01-22 23:08:28,919 - INFO - Verified item in cart
2026-01-22 23:08:29,501 - INFO - Started checkout
2026-01-22 23:08:31,325 - INFO - Entered user info
2026-01-22 23:08:31,907 - INFO - Continued checkout
2026-01-22 23:08:32,507 - INFO - Finished checkout
2026-01-22 23:08:32,547 - INFO - Order completed successfully
2026-01-22 23:08:34,830 - INFO - ***** Starting test_checkout_with_multiple_user *****
2026-01-22 23:08:40,740 - INFO - ***** Navigated to BASE_URL *****
2026-01-22 23:08:42,587 - INFO - ***** Logged in with valid credentials *****
2026-01-22 23:08:43,177 - INFO - ***** Added first item to cart *****
2026-01-22 23:08:43,786 - INFO - ***** Opened cart *****
2026-01-22 23:08:43,942 - INFO - ***** Verified item in cart *****
2026-01-22 23:08:44,521 - INFO - ***** Started checkout *****
2026-01-22 23:08:46,276 - INFO - ***** Entered user info *****
2026-01-22 23:08:46,908 - INFO - ***** Continued checkout *****
2026-01-22 23:08:47,509 - INFO - ***** Finished checkout *****
2026-01-22 23:08:47,548 - INFO - ***** Order completed successfully *****
2026-01-22 23:08:49,859 - INFO - ***** Starting test_valid_login *****
2026-01-22 23:09:03,082 - INFO - ***** Login attempted *****
2026-01-22 23:09:04,359 - INFO - ***** test_valid_login completed *****
2026-01-22 23:09:06,855 - INFO - ***** Starting test_valid_login *****
2026-01-22 23:09:17,113 - INFO - ***** Login attempted *****
2026-01-22 23:09:18,324 - INFO - ***** test_valid_login completed *****
2026-01-22 23:09:20,639 - INFO - ***** Starting test_valid_login *****
2026-01-22 23:09:45,326 - INFO - ***** Login attempted *****
2026-01-22 23:09:48,078 - INFO - ***** Starting test_checkout_with_invalid_data_error_message *****
2026-01-22 23:09:59,880 - INFO - ***** Navigated to BASE_URL *****
2026-01-22 23:10:01,763 - INFO - ***** Logged in with valid credentials *****
2026-01-22 23:10:02,402 - INFO - ***** Added first item to cart *****
2026-01-22 23:10:03,047 - INFO - ***** Opened cart *****
2026-01-22 23:10:03,674 - INFO - ***** Started checkout *****
2026-01-22 23:10:05,408 - INFO - ***** Entered user info *****
2026-01-22 23:10:06,116 - INFO - ***** Continued checkout *****
2026-01-22 23:10:06,142 - INFO - ***** Verified error message *****
2026-01-22 23:10:06,143 - INFO - ***** test_checkout_with_invalid_data_error_message completed *****
2026-01-22 23:10:08,465 - INFO - ***** Starting test_checkout_with_multiple_user *****
2026-01-22 23:10:14,914 - INFO - ***** Navigated to BASE_URL *****
2026-01-22 23:10:16,693 - INFO - ***** Logged in with valid credentials *****
2026-01-22 23:10:17,280 - INFO - ***** Added first item to cart *****
2026-01-22 23:10:17,886 - INFO - ***** Opened cart *****
2026-01-22 23:10:17,964 - INFO - ***** Verified item in cart *****
2026-01-22 23:10:18,553 - INFO - ***** Started checkout *****
2026-01-22 23:10:20,199 - INFO - ***** Entered user info *****
2026-01-22 23:10:20,809 - INFO - ***** Continued checkout *****
2026-01-22 23:10:21,378 - INFO - ***** Finished checkout *****
2026-01-22 23:10:21,391 - INFO - ***** Order completed successfully *****
2026-01-22 23:10:23,992 - INFO - ***** Starting test_valid_login *****
2026-01-22 23:10:37,060 - INFO - ***** Login attempted *****
2026-01-22 23:10:38,279 - INFO - ***** test_valid_login completed *****
2026-01-22 23:10:40,390 - INFO - ***** Starting test_valid_login *****
2026-01-22 23:10:52,598 - INFO - ***** Login attempted *****
2026-01-22 23:10:55,141 - INFO - ***** Starting test_checkout_with_invalid_data_error_message *****
2026-01-22 23:10:59,548 - INFO - ***** Navigated to BASE_URL *****
2026-01-22 23:11:01,476 - INFO - ***** Logged in with valid credentials *****
2026-01-22 23:11:02,055 - INFO - ***** Added first item to cart *****
2026-01-22 23:11:02,625 - INFO - ***** Opened cart *****
2026-01-22 23:11:03,474 - INFO - ***** Started checkout *****
2026-01-22 23:11:05,164 - INFO - ***** Entered user info *****
2026-01-22 23:11:05,885 - INFO - ***** Continued checkout *****
2026-01-22 23:11:05,906 - INFO - ***** Verified error message *****
2026-01-22 23:11:05,908 - INFO - ***** test_checkout_with_invalid_data_error_message completed *****
2026-01-22 23:11:08,270 - INFO - ***** Starting test_checkout_with_multiple_user *****
2026-01-22 23:11:17,295 - INFO - ***** Navigated to BASE_URL *****
2026-01-22 23:11:19,146 - INFO - ***** Logged in with valid credentials *****
2026-01-22 23:11:19,732 - INFO - ***** Added first item to cart *****
2026-01-22 23:11:20,284 - INFO - ***** Opened cart *****
2026-01-22 23:11:20,355 - INFO - ***** Verified item in cart *****
2026-01-22 23:11:20,949 - INFO - ***** Started checkout *****
2026-01-22 23:11:22,622 - INFO - ***** Entered user info *****
2026-01-22 23:11:23,229 - INFO - ***** Continued checkout *****
2026-01-22 23:11:23,821 - INFO - ***** Finished checkout *****
2026-01-22 23:11:23,860 - INFO - ***** Order completed successfully *****
2026-01-22 23:11:26,050 - INFO - ***** Starting test_valid_login *****
2026-01-22 23:11:32,146 - INFO - ***** Login attempted *****
2026-01-22 23:11:33,355 - INFO - ***** test_valid_login completed *****
2026-01-22 23:11:35,782 - INFO - ***** Starting test_valid_login *****
2026-01-22 23:11:43,672 - INFO - ***** Login attempted *****
2026-01-22 23:11:46,221 - INFO - ***** Starting test_checkout_with_invalid_data_error_message *****
2026-01-22 23:11:57,115 - INFO - ***** Navigated to BASE_URL *****
2026-01-22 23:11:58,917 - INFO - ***** Logged in with valid credentials *****
2026-01-22 23:11:59,493 - INFO - ***** Added first item to cart *****
2026-01-22 23:12:00,063 - INFO - ***** Opened cart *****
2026-01-22 23:12:00,632 - INFO - ***** Started checkout *****
2026-01-22 23:12:02,296 - INFO - ***** Entered user info *****
2026-01-22 23:12:02,983 - INFO - ***** Continued checkout *****
2026-01-22 23:12:03,013 - INFO - ***** Verified error message *****
2026-01-22 23:12:03,016 - INFO - ***** test_checkout_with_invalid_data_error_message completed *****
2026-01-22 23:12:05,318 - INFO - ***** Starting test_valid_login *****
2026-01-22 23:12:11,267 - INFO - ***** Login attempted *****
2026-01-22 23:12:14,416 - INFO - ***** Starting test_valid_login *****
2026-01-22 23:12:21,132 - INFO - ***** Login attempted *****
2026-01-22 23:12:23,843 - INFO - ***** Starting test_checkout_with_invalid_data_error_message *****
2026-01-22 23:12:28,218 - INFO - ***** Navigated to BASE_URL *****
2026-01-22 23:12:30,033 - INFO - ***** Logged in with valid credentials *****
2026-01-22 23:12:30,616 - INFO - ***** Added first item to cart *****
2026-01-22 23:12:31,192 - INFO - ***** Opened cart *****
2026-01-22 23:12:31,779 - INFO - ***** Started checkout *****
2026-01-22 23:12:33,520 - INFO - ***** Entered user info *****
2026-01-22 23:12:34,206 - INFO - ***** Continued checkout *****
2026-01-22 23:12:36,989 - INFO - ***** Starting test_valid_login *****
2026-01-22 23:12:42,909 - INFO - ***** Login attempted *****
