2026-01-20 20:07:53,334 - INFO - Navigated to BASE_URL
2026-01-20 20:07:55,048 - INFO - Logged in with valid credentials
2026-01-20 20:07:55,619 - INFO - Added first item to cart
2026-01-20 20:07:55,636 - INFO - Verified cart count is 1
2026-01-20 20:07:56,215 - INFO - Opened cart
2026-01-20 20:07:56,765 - INFO - Started checkout
2026-01-20 20:07:58,396 - INFO - Entered user info
2026-01-20 20:07:58,961 - INFO - Continued checkout
2026-01-20 20:07:58,980 - INFO - Verified order summary is displayed
2026-01-20 20:07:59,563 - INFO - Finished checkout
2026-01-20 20:07:59,580 - INFO - Order completed successfully
2026-01-20 20:08:07,015 - INFO - Navigated to BASE_URL
2026-01-20 20:08:08,702 - INFO - Logged in with valid credentials
2026-01-20 20:08:09,317 - INFO - Added first item to cart
2026-01-20 20:08:09,896 - INFO - Opened cart
2026-01-20 20:08:09,945 - INFO - Verified item in cart
2026-01-20 20:08:10,484 - INFO - Started checkout
2026-01-20 20:08:12,117 - INFO - Entered user info
2026-01-20 20:08:12,713 - INFO - Continued checkout
2026-01-20 20:08:13,300 - INFO - Finished checkout
2026-01-20 20:08:13,321 - INFO - Order completed successfully
