2026-01-21 22:18:26,669 - INFO - ***** Starting test_checkout_error_recovery *****
2026-01-21 22:18:32,132 - INFO - ***** Navigated to BASE_URL *****
2026-01-21 22:18:34,002 - INFO - ***** Logged in with valid credentials *****
2026-01-21 22:18:34,721 - INFO - ***** Added first item to cart *****
2026-01-21 22:18:35,488 - INFO - ***** Opened cart *****
2026-01-21 22:18:35,565 - INFO - ***** Verified item in cart *****
2026-01-21 22:18:36,299 - INFO - ***** Started checkout *****
2026-01-21 22:18:38,696 - INFO - ***** Entered incomplete user info to trigger error *****
2026-01-21 22:18:40,327 - INFO - ***** Corrected user info *****
2026-01-21 22:18:41,060 - INFO - ***** Continued checkout after error *****
2026-01-21 22:18:41,808 - INFO - ***** Finished checkout *****
2026-01-21 22:18:41,823 - INFO - ***** Order completed successfully after recovery *****
2026-01-21 22:18:44,659 - INFO - Navigated to BASE_URL
2026-01-21 22:18:46,546 - INFO - Logged in with valid credentials
2026-01-21 22:18:47,263 - INFO - Added first item to cart
2026-01-21 22:18:47,292 - INFO - Verified cart count is 1
2026-01-21 22:18:48,021 - INFO - Opened cart
2026-01-21 22:18:48,790 - INFO - Started checkout
2026-01-21 22:18:50,464 - INFO - Entered user info
2026-01-21 22:18:51,165 - INFO - Continued checkout
2026-01-21 22:18:51,180 - INFO - Verified order summary is displayed
2026-01-21 22:18:51,899 - INFO - Finished checkout
2026-01-21 22:18:51,930 - INFO - Order completed successfully
