2026-01-21 22:10:58,960 - INFO - ***** Starting test_checkout_error_recovery *****
2026-01-21 22:11:03,264 - INFO - ***** Navigated to BASE_URL *****
2026-01-21 22:11:05,153 - INFO - ***** Logged in with valid credentials *****
2026-01-21 22:11:05,761 - INFO - ***** Added first item to cart *****
2026-01-21 22:11:06,408 - INFO - ***** Opened cart *****
2026-01-21 22:11:06,495 - INFO - ***** Verified item in cart *****
2026-01-21 22:11:07,096 - INFO - ***** Started checkout *****
2026-01-21 22:11:09,655 - INFO - ***** Entered incomplete user info to trigger error *****
2026-01-21 22:11:11,273 - INFO - ***** Corrected user info *****
2026-01-21 22:11:11,899 - INFO - ***** Continued checkout after error *****
2026-01-21 22:11:12,522 - INFO - ***** Finished checkout *****
2026-01-21 22:11:12,534 - INFO - ***** Order completed successfully after recovery *****
2026-01-21 22:11:15,536 - INFO - ***** Starting test_checkout_error_recovery *****
2026-01-21 22:11:19,824 - INFO - ***** Navigated to BASE_URL *****
2026-01-21 22:11:21,540 - INFO - ***** Logged in with valid credentials *****
2026-01-21 22:11:22,092 - INFO - ***** Added first item to cart *****
2026-01-21 22:11:22,690 - INFO - ***** Opened cart *****
2026-01-21 22:11:22,757 - INFO - ***** Verified item in cart *****
2026-01-21 22:11:23,307 - INFO - ***** Started checkout *****
2026-01-21 22:11:25,663 - INFO - ***** Entered incomplete user info to trigger error *****
2026-01-21 22:11:27,269 - INFO - ***** Corrected user info *****
2026-01-21 22:11:27,855 - INFO - ***** Continued checkout after error *****
2026-01-21 22:11:28,452 - INFO - ***** Finished checkout *****
2026-01-21 22:11:28,480 - INFO - ***** Order completed successfully after recovery *****
2026-01-21 22:11:30,791 - INFO - ***** Starting test_checkout_error_recovery *****
2026-01-21 22:11:33,471 - INFO - ***** Navigated to BASE_URL *****
2026-01-21 22:11:35,400 - INFO - ***** Logged in with valid credentials *****
2026-01-21 22:11:36,119 - INFO - ***** Added first item to cart *****
2026-01-21 22:11:36,853 - INFO - ***** Opened cart *****
2026-01-21 22:11:36,909 - INFO - ***** Verified item in cart *****
2026-01-21 22:11:37,663 - INFO - ***** Started checkout *****
2026-01-21 22:11:40,090 - INFO - ***** Entered incomplete user info to trigger error *****
2026-01-21 22:11:41,701 - INFO - ***** Corrected user info *****
2026-01-21 22:11:42,399 - INFO - ***** Continued checkout after error *****
2026-01-21 22:11:43,196 - INFO - ***** Finished checkout *****
2026-01-21 22:11:43,228 - INFO - ***** Order completed successfully after recovery *****
