2026-01-21 22:17:32,655 - INFO - ***** Starting test_cart_edit_before_checkout *****
2026-01-21 22:17:39,930 - INFO - ***** Navigated to BASE_URL *****
2026-01-21 22:17:41,756 - INFO - ***** Logged in with valid credentials *****
2026-01-21 22:17:44,584 - INFO - ***** Added first item to cart *****
2026-01-21 22:17:45,160 - INFO - ***** Opened cart *****
2026-01-21 22:17:45,217 - INFO - ***** Verified item in cart *****
2026-01-21 22:17:45,834 - INFO - ***** Removed item from cart *****
2026-01-21 22:17:45,844 - INFO - ***** Cart is empty after removing item *****
2026-01-21 22:17:47,545 - INFO - ***** Starting test_checkout_error_recovery *****
2026-01-21 22:17:53,696 - INFO - ***** Navigated to BASE_URL *****
2026-01-21 22:17:55,448 - INFO - ***** Logged in with valid credentials *****
2026-01-21 22:17:56,025 - INFO - ***** Added first item to cart *****
2026-01-21 22:17:56,590 - INFO - ***** Opened cart *****
2026-01-21 22:17:56,639 - INFO - ***** Verified item in cart *****
2026-01-21 22:17:57,191 - INFO - ***** Started checkout *****
2026-01-21 22:17:59,500 - INFO - ***** Entered incomplete user info to trigger error *****
2026-01-21 22:18:01,123 - INFO - ***** Corrected user info *****
2026-01-21 22:18:01,723 - INFO - ***** Continued checkout after error *****
2026-01-21 22:18:02,306 - INFO - ***** Finished checkout *****
2026-01-21 22:18:02,333 - INFO - ***** Order completed successfully after recovery *****
2026-01-21 22:18:08,213 - INFO - Navigated to BASE_URL
2026-01-21 22:18:09,910 - INFO - Logged in with valid credentials
2026-01-21 22:18:10,513 - INFO - Added first item to cart
2026-01-21 22:18:10,549 - INFO - Verified cart count is 1
2026-01-21 22:18:11,131 - INFO - Opened cart
2026-01-21 22:18:11,738 - INFO - Started checkout
2026-01-21 22:18:13,390 - INFO - Entered user info
2026-01-21 22:18:13,975 - INFO - Continued checkout
2026-01-21 22:18:14,010 - INFO - Verified order summary is displayed
2026-01-21 22:18:14,577 - INFO - Finished checkout
2026-01-21 22:18:14,607 - INFO - Order completed successfully
2026-01-21 22:18:16,112 - INFO - ***** Starting test_cart_edit_before_checkout *****
2026-01-21 22:18:18,111 - INFO - ***** Navigated to BASE_URL *****
2026-01-21 22:18:20,007 - INFO - ***** Logged in with valid credentials *****
2026-01-21 22:18:23,728 - INFO - ***** Added first item to cart *****
2026-01-21 22:18:24,476 - INFO - ***** Opened cart *****
2026-01-21 22:18:24,519 - INFO - ***** Verified item in cart *****
2026-01-21 22:18:25,360 - INFO - ***** Removed item from cart *****
2026-01-21 22:18:25,375 - INFO - ***** Cart is empty after removing item *****
2026-01-21 22:18:26,669 - INFO - ***** Starting test_checkout_error_recovery *****
2026-01-21 22:18:32,132 - INFO - ***** Navigated to BASE_URL *****
2026-01-21 22:18:34,002 - INFO - ***** Logged in with valid credentials *****
2026-01-21 22:18:34,721 - INFO - ***** Added first item to cart *****
2026-01-21 22:18:35,488 - INFO - ***** Opened cart *****
2026-01-21 22:18:35,565 - INFO - ***** Verified item in cart *****
2026-01-21 22:18:36,299 - INFO - ***** Started checkout *****
2026-01-21 22:18:38,696 - INFO - ***** Entered incomplete user info to trigger error *****
2026-01-21 22:18:40,327 - INFO - ***** Corrected user info *****
2026-01-21 22:18:41,060 - INFO - ***** Continued checkout after error *****
2026-01-21 22:18:41,808 - INFO - ***** Finished checkout *****
2026-01-21 22:18:41,823 - INFO - ***** Order completed successfully after recovery *****
2026-01-21 22:18:44,659 - INFO - Navigated to BASE_URL
2026-01-21 22:18:46,546 - INFO - Logged in with valid credentials
2026-01-21 22:18:47,263 - INFO - Added first item to cart
2026-01-21 22:18:47,292 - INFO - Verified cart count is 1
2026-01-21 22:18:48,021 - INFO - Opened cart
2026-01-21 22:18:48,790 - INFO - Started checkout
2026-01-21 22:18:50,464 - INFO - Entered user info
2026-01-21 22:18:51,165 - INFO - Continued checkout
2026-01-21 22:18:51,180 - INFO - Verified order summary is displayed
2026-01-21 22:18:51,899 - INFO - Finished checkout
2026-01-21 22:18:51,930 - INFO - Order completed successfully
