2026-01-22 23:11:08,270 - INFO - ***** Starting test_checkout_with_multiple_user *****
2026-01-22 23:11:17,295 - INFO - ***** Navigated to BASE_URL *****
2026-01-22 23:11:19,146 - INFO - ***** Logged in with valid credentials *****
2026-01-22 23:11:19,732 - INFO - ***** Added first item to cart *****
2026-01-22 23:11:20,284 - INFO - ***** Opened cart *****
2026-01-22 23:11:20,355 - INFO - ***** Verified item in cart *****
2026-01-22 23:11:20,949 - INFO - ***** Started checkout *****
2026-01-22 23:11:22,622 - INFO - ***** Entered user info *****
2026-01-22 23:11:23,229 - INFO - ***** Continued checkout *****
2026-01-22 23:11:23,821 - INFO - ***** Finished checkout *****
2026-01-22 23:11:23,860 - INFO - ***** Order completed successfully *****
2026-01-22 23:11:26,050 - INFO - ***** Starting test_valid_login *****
2026-01-22 23:11:32,146 - INFO - ***** Login attempted *****
2026-01-22 23:11:33,355 - INFO - ***** test_valid_login completed *****
2026-01-22 23:11:35,782 - INFO - ***** Starting test_valid_login *****
2026-01-22 23:11:43,672 - INFO - ***** Login attempted *****
2026-01-22 23:11:46,221 - INFO - ***** Starting test_checkout_with_invalid_data_error_message *****
2026-01-22 23:11:57,115 - INFO - ***** Navigated to BASE_URL *****
2026-01-22 23:11:58,917 - INFO - ***** Logged in with valid credentials *****
2026-01-22 23:11:59,493 - INFO - ***** Added first item to cart *****
2026-01-22 23:12:00,063 - INFO - ***** Opened cart *****
2026-01-22 23:12:00,632 - INFO - ***** Started checkout *****
2026-01-22 23:12:02,296 - INFO - ***** Entered user info *****
2026-01-22 23:12:02,983 - INFO - ***** Continued checkout *****
2026-01-22 23:12:03,013 - INFO - ***** Verified error message *****
2026-01-22 23:12:03,016 - INFO - ***** test_checkout_with_invalid_data_error_message completed *****
2026-01-22 23:12:05,318 - INFO - ***** Starting test_valid_login *****
2026-01-22 23:12:11,267 - INFO - ***** Login attempted *****
2026-01-22 23:12:14,416 - INFO - ***** Starting test_valid_login *****
2026-01-22 23:12:21,132 - INFO - ***** Login attempted *****
2026-01-22 23:12:23,843 - INFO - ***** Starting test_checkout_with_invalid_data_error_message *****
2026-01-22 23:12:28,218 - INFO - ***** Navigated to BASE_URL *****
2026-01-22 23:12:30,033 - INFO - ***** Logged in with valid credentials *****
2026-01-22 23:12:30,616 - INFO - ***** Added first item to cart *****
2026-01-22 23:12:31,192 - INFO - ***** Opened cart *****
2026-01-22 23:12:31,779 - INFO - ***** Started checkout *****
2026-01-22 23:12:33,520 - INFO - ***** Entered user info *****
2026-01-22 23:12:34,206 - INFO - ***** Continued checkout *****
2026-01-22 23:12:36,989 - INFO - ***** Starting test_valid_login *****
2026-01-22 23:12:42,909 - INFO - ***** Login attempted *****
