2026-01-21 22:09:32,288 - INFO - ***** Starting test_checkout_error_recovery *****
2026-01-21 22:09:37,219 - INFO - ***** Navigated to BASE_URL *****
2026-01-21 22:09:39,691 - INFO - ***** Logged in with valid credentials *****
2026-01-21 22:09:40,311 - INFO - ***** Added first item to cart *****
2026-01-21 22:09:40,964 - INFO - ***** Opened cart *****
2026-01-21 22:09:41,040 - INFO - ***** Verified item in cart *****
2026-01-21 22:09:41,642 - INFO - ***** Started checkout *****
2026-01-21 22:09:44,393 - INFO - ***** Entered incomplete user info to trigger error *****
2026-01-21 22:09:46,080 - INFO - ***** Corrected user info *****
2026-01-21 22:09:46,727 - INFO - ***** Continued checkout after error *****
2026-01-21 22:09:47,347 - INFO - ***** Finished checkout *****
2026-01-21 22:09:47,362 - INFO - ***** Order completed successfully after recovery *****
2026-01-21 22:09:52,327 - INFO - ***** Starting test_checkout_error_recovery *****
2026-01-21 22:09:57,090 - INFO - ***** Navigated to BASE_URL *****
2026-01-21 22:09:58,871 - INFO - ***** Logged in with valid credentials *****
2026-01-21 22:09:59,420 - INFO - ***** Added first item to cart *****
2026-01-21 22:09:59,992 - INFO - ***** Opened cart *****
2026-01-21 22:10:00,053 - INFO - ***** Verified item in cart *****
2026-01-21 22:10:00,612 - INFO - ***** Started checkout *****
2026-01-21 22:10:02,892 - INFO - ***** Entered incomplete user info to trigger error *****
2026-01-21 22:10:04,502 - INFO - ***** Corrected user info *****
2026-01-21 22:10:05,058 - INFO - ***** Continued checkout after error *****
2026-01-21 22:10:05,620 - INFO - ***** Finished checkout *****
2026-01-21 22:10:05,628 - INFO - ***** Order completed successfully after recovery *****
2026-01-21 22:10:09,609 - INFO - ***** Starting test_checkout_error_recovery *****
2026-01-21 22:10:12,276 - INFO - ***** Navigated to BASE_URL *****
2026-01-21 22:10:14,331 - INFO - ***** Logged in with valid credentials *****
2026-01-21 22:10:15,051 - INFO - ***** Added first item to cart *****
2026-01-21 22:10:15,792 - INFO - ***** Opened cart *****
2026-01-21 22:10:15,853 - INFO - ***** Verified item in cart *****
2026-01-21 22:10:16,558 - INFO - ***** Started checkout *****
2026-01-21 22:10:18,990 - INFO - ***** Entered incomplete user info to trigger error *****
2026-01-21 22:10:20,619 - INFO - ***** Corrected user info *****
2026-01-21 22:10:21,324 - INFO - ***** Continued checkout after error *****
2026-01-21 22:10:22,052 - INFO - ***** Finished checkout *****
2026-01-21 22:10:22,064 - INFO - ***** Order completed successfully after recovery *****
