2026-01-21 23:17:14,510 - INFO - ***** Starting test_checkout_with_multiple_user *****
2026-01-21 23:17:21,162 - INFO - ***** Navigated to BASE_URL *****
2026-01-21 23:17:22,903 - INFO - ***** Logged in with valid credentials *****
2026-01-21 23:17:23,528 - INFO - ***** Added first item to cart *****
2026-01-21 23:17:24,126 - INFO - ***** Opened cart *****
2026-01-21 23:17:24,184 - INFO - ***** Verified item in cart *****
2026-01-21 23:17:24,762 - INFO - ***** Started checkout *****
2026-01-21 23:17:26,477 - INFO - ***** Entered user info *****
2026-01-21 23:17:27,094 - INFO - ***** Continued checkout *****
2026-01-21 23:17:27,693 - INFO - ***** Finished checkout *****
2026-01-21 23:17:27,745 - INFO - ***** Order completed successfully *****
2026-01-21 23:17:29,965 - INFO - ***** Starting test_valid_login *****
2026-01-21 23:17:43,582 - INFO - ***** Login attempted *****
2026-01-21 23:17:44,759 - INFO - ***** test_valid_login completed *****
2026-01-21 23:17:47,271 - INFO - ***** Starting test_valid_login *****
2026-01-21 23:17:56,365 - INFO - ***** Login attempted *****
2026-01-21 23:17:58,663 - INFO - ***** Starting test_checkout_with_invalid_data_error_message *****
2026-01-21 23:18:03,068 - INFO - ***** Navigated to BASE_URL *****
2026-01-21 23:18:04,834 - INFO - ***** Logged in with valid credentials *****
2026-01-21 23:18:05,436 - INFO - ***** Added first item to cart *****
2026-01-21 23:18:06,016 - INFO - ***** Opened cart *****
2026-01-21 23:18:06,583 - INFO - ***** Started checkout *****
2026-01-21 23:18:08,296 - INFO - ***** Entered user info *****
2026-01-21 23:18:08,900 - INFO - ***** Continued checkout *****
2026-01-21 23:18:08,946 - INFO - ***** Verified error message *****
2026-01-21 23:18:08,950 - INFO - ***** test_checkout_with_invalid_data_error_message completed *****
2026-01-21 23:18:11,190 - INFO - ***** Starting test_checkout_with_multiple_user *****
2026-01-21 23:18:19,404 - INFO - ***** Navigated to BASE_URL *****
2026-01-21 23:18:21,462 - INFO - ***** Logged in with valid credentials *****
2026-01-21 23:18:22,236 - INFO - ***** Added first item to cart *****
2026-01-21 23:18:23,022 - INFO - ***** Opened cart *****
2026-01-21 23:18:23,092 - INFO - ***** Verified item in cart *****
2026-01-21 23:18:23,815 - INFO - ***** Started checkout *****
2026-01-21 23:18:25,506 - INFO - ***** Entered user info *****
2026-01-21 23:18:26,279 - INFO - ***** Continued checkout *****
2026-01-21 23:18:27,027 - INFO - ***** Finished checkout *****
2026-01-21 23:18:27,067 - INFO - ***** Order completed successfully *****
2026-01-21 23:18:29,018 - INFO - ***** Starting test_valid_login *****
2026-01-21 23:18:42,794 - INFO - ***** Login attempted *****
2026-01-21 23:18:43,965 - INFO - ***** test_valid_login completed *****
2026-01-21 23:18:46,318 - INFO - ***** Starting test_valid_login *****
2026-01-21 23:18:54,432 - INFO - ***** Login attempted *****
2026-01-21 23:18:56,655 - INFO - ***** Starting test_checkout_with_invalid_data_error_message *****
2026-01-21 23:19:03,344 - INFO - ***** Navigated to BASE_URL *****
2026-01-21 23:19:05,200 - INFO - ***** Logged in with valid credentials *****
2026-01-21 23:19:05,769 - INFO - ***** Added first item to cart *****
2026-01-21 23:19:06,317 - INFO - ***** Opened cart *****
2026-01-21 23:19:06,907 - INFO - ***** Started checkout *****
2026-01-21 23:19:08,618 - INFO - ***** Entered user info *****
2026-01-21 23:19:09,268 - INFO - ***** Continued checkout *****
2026-01-21 23:19:09,309 - INFO - ***** Verified error message *****
2026-01-21 23:19:09,314 - INFO - ***** test_checkout_with_invalid_data_error_message completed *****
2026-01-21 23:19:11,192 - INFO - ***** Starting test_checkout_with_multiple_user *****
2026-01-21 23:19:39,528 - INFO - ***** Navigated to BASE_URL *****
2026-01-21 23:19:41,467 - INFO - ***** Logged in with valid credentials *****
2026-01-21 23:19:42,211 - INFO - ***** Added first item to cart *****
2026-01-21 23:19:42,996 - INFO - ***** Opened cart *****
2026-01-21 23:19:43,086 - INFO - ***** Verified item in cart *****
2026-01-21 23:19:43,812 - INFO - ***** Started checkout *****
2026-01-21 23:19:45,491 - INFO - ***** Entered user info *****
2026-01-21 23:19:46,214 - INFO - ***** Continued checkout *****
2026-01-21 23:19:46,944 - INFO - ***** Finished checkout *****
2026-01-21 23:19:46,963 - INFO - ***** Order completed successfully *****
2026-01-21 23:19:48,899 - INFO - ***** Starting test_valid_login *****
2026-01-21 23:20:00,548 - INFO - ***** Login attempted *****
2026-01-21 23:20:03,015 - INFO - ***** Starting test_valid_login *****
2026-01-21 23:20:18,493 - INFO - ***** Login attempted *****
2026-01-21 23:20:21,140 - INFO - ***** Starting test_checkout_with_invalid_data_error_message *****
2026-01-21 23:20:28,482 - INFO - ***** Navigated to BASE_URL *****
2026-01-21 23:20:30,265 - INFO - ***** Logged in with valid credentials *****
2026-01-21 23:20:30,850 - INFO - ***** Added first item to cart *****
2026-01-21 23:20:31,427 - INFO - ***** Opened cart *****
2026-01-21 23:20:32,011 - INFO - ***** Started checkout *****
2026-01-21 23:20:33,748 - INFO - ***** Entered user info *****
2026-01-21 23:20:34,428 - INFO - ***** Continued checkout *****
2026-01-21 23:20:34,485 - INFO - ***** Verified error message *****
2026-01-21 23:20:34,493 - INFO - ***** test_checkout_with_invalid_data_error_message completed *****
2026-01-21 23:20:36,548 - INFO - ***** Starting test_checkout_with_multiple_user *****
2026-01-21 23:20:41,977 - INFO - ***** Navigated to BASE_URL *****
2026-01-21 23:20:43,927 - INFO - ***** Logged in with valid credentials *****
2026-01-21 23:20:44,690 - INFO - ***** Added first item to cart *****
2026-01-21 23:20:45,455 - INFO - ***** Opened cart *****
2026-01-21 23:20:45,526 - INFO - ***** Verified item in cart *****
2026-01-21 23:20:46,299 - INFO - ***** Started checkout *****
2026-01-21 23:20:47,982 - INFO - ***** Entered user info *****
2026-01-21 23:20:48,719 - INFO - ***** Continued checkout *****
2026-01-21 23:20:49,492 - INFO - ***** Finished checkout *****
2026-01-21 23:20:49,522 - INFO - ***** Order completed successfully *****
2026-01-21 23:20:51,170 - INFO - ***** Starting test_valid_login *****
2026-01-21 23:21:02,582 - INFO - ***** Login attempted *****
2026-01-21 23:21:04,129 - INFO - ***** test_valid_login completed *****
2026-01-21 23:21:06,296 - INFO - ***** Starting test_valid_login *****
2026-01-21 23:21:15,219 - INFO - ***** Login attempted *****
2026-01-21 23:21:17,551 - INFO - ***** Starting test_checkout_with_invalid_data_error_message *****
2026-01-21 23:21:41,895 - INFO - ***** Navigated to BASE_URL *****
2026-01-21 23:21:43,790 - INFO - ***** Logged in with valid credentials *****
2026-01-21 23:21:44,414 - INFO - ***** Added first item to cart *****
2026-01-21 23:21:45,054 - INFO - ***** Opened cart *****
2026-01-21 23:21:45,669 - INFO - ***** Started checkout *****
2026-01-21 23:21:47,356 - INFO - ***** Entered user info *****
2026-01-21 23:21:48,014 - INFO - ***** Continued checkout *****
2026-01-21 23:21:50,290 - INFO - ***** Starting test_valid_login *****
2026-01-21 23:22:04,825 - INFO - ***** Login attempted *****
2026-01-21 23:22:06,330 - INFO - ***** test_valid_login completed *****
2026-01-21 23:22:08,033 - INFO - ***** Starting test_valid_login *****
2026-01-21 23:22:19,766 - INFO - ***** Login attempted *****
2026-01-21 23:22:22,005 - INFO - ***** Starting test_checkout_with_invalid_data_error_message *****
2026-01-21 23:22:26,558 - INFO - ***** Navigated to BASE_URL *****
2026-01-21 23:22:28,509 - INFO - ***** Logged in with valid credentials *****
2026-01-21 23:22:29,290 - INFO - ***** Added first item to cart *****
2026-01-21 23:22:30,107 - INFO - ***** Opened cart *****
2026-01-21 23:22:30,961 - INFO - ***** Started checkout *****
2026-01-21 23:22:32,753 - INFO - ***** Entered user info *****
2026-01-21 23:22:33,552 - INFO - ***** Continued checkout *****
2026-01-21 23:22:33,592 - INFO - ***** Verified error message *****
2026-01-21 23:22:33,596 - INFO - ***** test_checkout_with_invalid_data_error_message completed *****
2026-01-21 23:22:35,179 - INFO - ***** Starting test_valid_login *****
2026-01-21 23:22:48,317 - INFO - ***** Login attempted *****
2026-01-21 23:22:49,799 - INFO - ***** test_valid_login completed *****
2026-01-21 23:22:51,285 - INFO - ***** Starting test_valid_login *****
2026-01-21 23:23:10,627 - INFO - ***** Login attempted *****
2026-01-21 23:23:12,324 - INFO - ***** Starting test_checkout_with_invalid_data_error_message *****
2026-01-21 23:23:50,568 - INFO - ***** Starting test_valid_login *****
2026-01-21 23:24:03,749 - INFO - ***** Login attempted *****
2026-01-21 23:24:05,470 - INFO - ***** Starting test_valid_login *****
2026-01-21 23:24:38,985 - INFO - ***** Starting test_checkout_with_invalid_data_error_message *****
2026-01-21 23:25:29,796 - INFO - ***** Starting test_valid_login *****
2026-01-21 23:25:37,584 - INFO - ***** Login attempted *****
2026-01-21 23:25:40,519 - INFO - ***** Starting test_checkout_with_invalid_data_error_message *****
2026-01-21 23:26:24,183 - INFO - ***** Starting test_valid_login *****
2026-01-21 23:26:30,980 - INFO - ***** Login attempted *****
2026-01-21 23:27:00,196 - INFO - ***** Starting test_checkout_with_invalid_data_error_message *****
2026-01-21 23:27:17,572 - INFO - ***** Navigated to BASE_URL *****
2026-01-21 23:27:19,502 - INFO - ***** Logged in with valid credentials *****
2026-01-21 23:27:20,283 - INFO - ***** Added first item to cart *****
2026-01-21 23:27:21,081 - INFO - ***** Opened cart *****
2026-01-21 23:27:21,889 - INFO - ***** Started checkout *****
2026-01-21 23:27:23,547 - INFO - ***** Entered user info *****
2026-01-21 23:27:24,269 - INFO - ***** Continued checkout *****
2026-01-21 23:27:25,960 - INFO - ***** Starting test_valid_login *****
2026-01-21 23:27:50,333 - INFO - ***** Login attempted *****
